HTTP/1.1 404 Not Found
Date: Thu, 26 Sep 2013 04:13:41 GMT
Server: CSUC HTTP 
Content-Type: text/html
Content-Length: 


 No Payload

