HTTP/1.1 501 Not Implemented
Date: Thu, 26 Sep 2013 04:15:11 GMT
Server: CSUC HTTP 
Content-Type: text/html
Content-Length: 112

<html>
  <head>
    <title>Sample</title>
  </head>
  <body>
    <h1 id="go_team">Go Team</h1>
  </body>
</html>
