HTTP/1.1 501 Not Implemented
Date: Wed, 25 Sep 2013 19:05:40 GMT
Server: CSUC HTTP
Content-Type: text/plain
Content-Length: 15

Not Implemented