HTTP/1.1 200 OK
Date: Wed, 25 Sep 2013 19:05:40 GMT
Server: CSUC HTTP
Content-Type: text/html
Content-Length: 112

<html>
  <head>
    <title>Sample</title>
  </head>
  <body>
    <h1 id="go_team">Go Team</h1>
  </body>
</html>