HTTP/1.1 404 Not Found
Date: Wed, 25 Sep 2013 19:05:40 GMT
Server: CSUC HTTP
Content-Type: text/plain
Content-Length: 9

Not Found